[     120ms] [LOG] [Fast Refresh] rebuilding @ http://localhost:4100/_next/static/chunks/0_qv_next_dist_0n-c0m_._.js:2477
[     280ms] [LOG] [Fast Refresh] done in 264ms @ http://localhost:4100/_next/static/chunks/0_qv_next_dist_0n-c0m_._.js:2477
[     522ms] [INFO] %cDownload the React DevTools for a better development experience: https://react.dev/link/react-devtools font-weight:bold @ http://localhost:4100/_next/static/chunks/0_qv_next_dist_0n-c0m_._.js:2477
[     546ms] [LOG] [HMR] connected @ http://localhost:4100/_next/static/chunks/0_qv_next_dist_0n-c0m_._.js:2477
[     653ms] [WARNING] Image with src "/images/inhouse-image1-seo.webp" is using quality "86" which is not configured in images.qualities [75, 90]. Please update your config to [75, 86, 90].
Read more: https://nextjs.org/docs/messages/next-image-unconfigured-qualities @ http://localhost:4100/_next/static/chunks/0_qv_next_dist_0n-c0m_._.js:2477
[     655ms] [WARNING] Image with src "/images/inhouse-image2-seo.webp" is using quality "86" which is not configured in images.qualities [75, 90]. Please update your config to [75, 86, 90].
Read more: https://nextjs.org/docs/messages/next-image-unconfigured-qualities @ http://localhost:4100/_next/static/chunks/0_qv_next_dist_0n-c0m_._.js:2477
[     658ms] [WARNING] Image with src "/images/inhouse-img3-seo.webp" is using quality "86" which is not configured in images.qualities [75, 90]. Please update your config to [75, 86, 90].
Read more: https://nextjs.org/docs/messages/next-image-unconfigured-qualities @ http://localhost:4100/_next/static/chunks/0_qv_next_dist_0n-c0m_._.js:2477
[     660ms] [WARNING] Image with src "/images/inhouse-img4-seo.webp" is using quality "86" which is not configured in images.qualities [75, 90]. Please update your config to [75, 86, 90].
Read more: https://nextjs.org/docs/messages/next-image-unconfigured-qualities @ http://localhost:4100/_next/static/chunks/0_qv_next_dist_0n-c0m_._.js:2477
[     663ms] [WARNING] Image with src "/images/about-seo.webp" is using quality "86" which is not configured in images.qualities [75, 90]. Please update your config to [75, 86, 90].
Read more: https://nextjs.org/docs/messages/next-image-unconfigured-qualities @ http://localhost:4100/_next/static/chunks/0_qv_next_dist_0n-c0m_._.js:2477
[     685ms] [WARNING] Image with src "/products/tirzepatide.jpg" is using quality "86" which is not configured in images.qualities [75, 90]. Please update your config to [75, 86, 90].
Read more: https://nextjs.org/docs/messages/next-image-unconfigured-qualities @ http://localhost:4100/_next/static/chunks/0_qv_next_dist_0n-c0m_._.js:2477
[     687ms] [WARNING] Image with src "/products/retatrutide-20.jpg" is using quality "86" which is not configured in images.qualities [75, 90]. Please update your config to [75, 86, 90].
Read more: https://nextjs.org/docs/messages/next-image-unconfigured-qualities @ http://localhost:4100/_next/static/chunks/0_qv_next_dist_0n-c0m_._.js:2477
[     690ms] [WARNING] Image with src "/products/retatrutide-40.jpg" is using quality "86" which is not configured in images.qualities [75, 90]. Please update your config to [75, 86, 90].
Read more: https://nextjs.org/docs/messages/next-image-unconfigured-qualities @ http://localhost:4100/_next/static/chunks/0_qv_next_dist_0n-c0m_._.js:2477
[     693ms] [WARNING] Image with src "/products/glow.jpg" is using quality "86" which is not configured in images.qualities [75, 90]. Please update your config to [75, 86, 90].
Read more: https://nextjs.org/docs/messages/next-image-unconfigured-qualities @ http://localhost:4100/_next/static/chunks/0_qv_next_dist_0n-c0m_._.js:2477
[     695ms] [WARNING] Image with src "/products/bpc.jpg" is using quality "86" which is not configured in images.qualities [75, 90]. Please update your config to [75, 86, 90].
Read more: https://nextjs.org/docs/messages/next-image-unconfigured-qualities @ http://localhost:4100/_next/static/chunks/0_qv_next_dist_0n-c0m_._.js:2477
[     698ms] [WARNING] Image with src "/products/nad.jpg" is using quality "86" which is not configured in images.qualities [75, 90]. Please update your config to [75, 86, 90].
Read more: https://nextjs.org/docs/messages/next-image-unconfigured-qualities @ http://localhost:4100/_next/static/chunks/0_qv_next_dist_0n-c0m_._.js:2477
[   11025ms] [LOG] [Fast Refresh] rebuilding @ http://localhost:4100/_next/static/chunks/0_qv_next_dist_0n-c0m_._.js:2477
[   11060ms] [LOG] [Fast Refresh] done in 215ms @ http://localhost:4100/_next/static/chunks/0_qv_next_dist_0n-c0m_._.js:2477
[   60620ms] [LOG] [Fast Refresh] rebuilding @ http://localhost:4100/_next/static/chunks/0_qv_next_dist_0n-c0m_._.js:2477
[   60660ms] [LOG] [Fast Refresh] done in 221ms @ http://localhost:4100/_next/static/chunks/0_qv_next_dist_0n-c0m_._.js:2477
[   79597ms] [LOG] [Fast Refresh] rebuilding @ http://localhost:4100/_next/static/chunks/0_qv_next_dist_0n-c0m_._.js:2477
[   79756ms] [LOG] [Fast Refresh] done in 268ms @ http://localhost:4100/_next/static/chunks/0_qv_next_dist_0n-c0m_._.js:2477
[   79954ms] [LOG] [Fast Refresh] rebuilding @ http://localhost:4100/_next/static/chunks/0_qv_next_dist_0n-c0m_._.js:2477
[   79994ms] [LOG] [Fast Refresh] done in 235ms @ http://localhost:4100/_next/static/chunks/0_qv_next_dist_0n-c0m_._.js:2477
[  182545ms] [ERROR] WebSocket connection to 'ws://localhost:4100/_next/webpack-hmr?id=kgiH_-xC_0xZiegfL6ocU' failed: Error in connection establishment: net::ERR_CONNECTION_REFUSED @ http://localhost:4100/_next/static/chunks/0_qv_next_dist_client_0tdc9wn._.js:13422
[  185904ms] [ERROR] WebSocket connection to 'ws://localhost:4100/_next/webpack-hmr?id=kgiH_-xC_0xZiegfL6ocU' failed: Error in connection establishment: net::ERR_CONNECTION_REFUSED @ http://localhost:4100/_next/static/chunks/0_qv_next_dist_client_0tdc9wn._.js:13422
[  189273ms] [ERROR] WebSocket connection to 'ws://localhost:4100/_next/webpack-hmr?id=kgiH_-xC_0xZiegfL6ocU' failed: Error in connection establishment: net::ERR_CONNECTION_REFUSED @ http://localhost:4100/_next/static/chunks/0_qv_next_dist_client_0tdc9wn._.js:13422
[  192653ms] [ERROR] WebSocket connection to 'ws://localhost:4100/_next/webpack-hmr?id=kgiH_-xC_0xZiegfL6ocU' failed: Error in connection establishment: net::ERR_CONNECTION_REFUSED @ http://localhost:4100/_next/static/chunks/0_qv_next_dist_client_0tdc9wn._.js:13422
[  196003ms] [ERROR] WebSocket connection to 'ws://localhost:4100/_next/webpack-hmr?id=kgiH_-xC_0xZiegfL6ocU' failed: Error in connection establishment: net::ERR_CONNECTION_REFUSED @ http://localhost:4100/_next/static/chunks/0_qv_next_dist_client_0tdc9wn._.js:13422
[  203374ms] [ERROR] WebSocket connection to 'ws://localhost:4100/_next/webpack-hmr?id=kgiH_-xC_0xZiegfL6ocU' failed: Error in connection establishment: net::ERR_CONNECTION_REFUSED @ http://localhost:4100/_next/static/chunks/0_qv_next_dist_client_0tdc9wn._.js:13422
[  210748ms] [ERROR] WebSocket connection to 'ws://localhost:4100/_next/webpack-hmr?id=kgiH_-xC_0xZiegfL6ocU' failed: Error in connection establishment: net::ERR_CONNECTION_REFUSED @ http://localhost:4100/_next/static/chunks/0_qv_next_dist_client_0tdc9wn._.js:13422
[  218110ms] [ERROR] WebSocket connection to 'ws://localhost:4100/_next/webpack-hmr?id=kgiH_-xC_0xZiegfL6ocU' failed: Error in connection establishment: net::ERR_CONNECTION_REFUSED @ http://localhost:4100/_next/static/chunks/0_qv_next_dist_client_0tdc9wn._.js:13422
[  225513ms] [ERROR] WebSocket connection to 'ws://localhost:4100/_next/webpack-hmr?id=kgiH_-xC_0xZiegfL6ocU' failed: Error in connection establishment: net::ERR_CONNECTION_REFUSED @ http://localhost:4100/_next/static/chunks/0_qv_next_dist_client_0tdc9wn._.js:13422
[  232915ms] [ERROR] WebSocket connection to 'ws://localhost:4100/_next/webpack-hmr?id=kgiH_-xC_0xZiegfL6ocU' failed: Error in connection establishment: net::ERR_CONNECTION_REFUSED @ http://localhost:4100/_next/static/chunks/0_qv_next_dist_client_0tdc9wn._.js:13422
[  240326ms] [ERROR] WebSocket connection to 'ws://localhost:4100/_next/webpack-hmr?id=kgiH_-xC_0xZiegfL6ocU' failed: Error in connection establishment: net::ERR_CONNECTION_REFUSED @ http://localhost:4100/_next/static/chunks/0_qv_next_dist_client_0tdc9wn._.js:13422
[  247833ms] [ERROR] WebSocket connection to 'ws://localhost:4100/_next/webpack-hmr?id=kgiH_-xC_0xZiegfL6ocU' failed: Error in connection establishment: net::ERR_CONNECTION_REFUSED @ http://localhost:4100/_next/static/chunks/0_qv_next_dist_client_0tdc9wn._.js:13422
