[     221ms] [INFO] %cDownload the React DevTools for a better development experience: https://react.dev/link/react-devtools font-weight:bold @ http://localhost:4100/_next/static/chunks/0_qv_next_dist_0n-c0m_._.js:2477
[     237ms] [LOG] [HMR] connected @ http://localhost:4100/_next/static/chunks/0_qv_next_dist_0n-c0m_._.js:2477
[  171928ms] [LOG] [Fast Refresh] rebuilding @ http://localhost:4100/_next/static/chunks/0_qv_next_dist_0n-c0m_._.js:2477
[  172104ms] [LOG] [Fast Refresh] done in 81ms @ http://localhost:4100/_next/static/chunks/0_qv_next_dist_0n-c0m_._.js:2477
[  338947ms] [LOG] [Fast Refresh] rebuilding @ http://localhost:4100/_next/static/chunks/0_qv_next_dist_0n-c0m_._.js:2477
[  339235ms] [LOG] [Fast Refresh] done in 99ms @ http://localhost:4100/_next/static/chunks/0_qv_next_dist_0n-c0m_._.js:2477
[  358559ms] [LOG] [Fast Refresh] rebuilding @ http://localhost:4100/_next/static/chunks/0_qv_next_dist_0n-c0m_._.js:2477
[  358783ms] [LOG] [Fast Refresh] done in 105ms @ http://localhost:4100/_next/static/chunks/0_qv_next_dist_0n-c0m_._.js:2477
[  528200ms] [LOG] [Fast Refresh] rebuilding @ http://localhost:4100/_next/static/chunks/0_qv_next_dist_0n-c0m_._.js:2477
[  528448ms] [LOG] [Fast Refresh] done in 87ms @ http://localhost:4100/_next/static/chunks/0_qv_next_dist_0n-c0m_._.js:2477
[  655347ms] [LOG] [Fast Refresh] rebuilding @ http://localhost:4100/_next/static/chunks/0_qv_next_dist_0n-c0m_._.js:2477
[  655550ms] [LOG] [Fast Refresh] done in 107ms @ http://localhost:4100/_next/static/chunks/0_qv_next_dist_0n-c0m_._.js:2477
[  714504ms] [LOG] [Fast Refresh] rebuilding @ http://localhost:4100/_next/static/chunks/0_qv_next_dist_0n-c0m_._.js:2477
[  714720ms] [LOG] [Fast Refresh] done in 102ms @ http://localhost:4100/_next/static/chunks/0_qv_next_dist_0n-c0m_._.js:2477
[  864430ms] [LOG] [Fast Refresh] rebuilding @ http://localhost:4100/_next/static/chunks/0_qv_next_dist_0n-c0m_._.js:2477
[  864604ms] [LOG] [Fast Refresh] done in 103ms @ http://localhost:4100/_next/static/chunks/0_qv_next_dist_0n-c0m_._.js:2477
[  890491ms] [LOG] [Fast Refresh] rebuilding @ http://localhost:4100/_next/static/chunks/0_qv_next_dist_0n-c0m_._.js:2477
[  890545ms] [LOG] [Fast Refresh] done in 131ms @ http://localhost:4100/_next/static/chunks/0_qv_next_dist_0n-c0m_._.js:2477
[  890656ms] [LOG] [Fast Refresh] rebuilding @ http://localhost:4100/_next/static/chunks/0_qv_next_dist_0n-c0m_._.js:2477
[  890877ms] [LOG] [Fast Refresh] done in 331ms @ http://localhost:4100/_next/static/chunks/0_qv_next_dist_0n-c0m_._.js:2477
[  891059ms] [LOG] [Fast Refresh] rebuilding @ http://localhost:4100/_next/static/chunks/0_qv_next_dist_0n-c0m_._.js:2477
[  891106ms] [LOG] [Fast Refresh] done in 147ms @ http://localhost:4100/_next/static/chunks/0_qv_next_dist_0n-c0m_._.js:2477
[  901499ms] [LOG] [Fast Refresh] rebuilding @ http://localhost:4100/_next/static/chunks/0_qv_next_dist_0n-c0m_._.js:2477
[  901557ms] [LOG] [Fast Refresh] done in 131ms @ http://localhost:4100/_next/static/chunks/0_qv_next_dist_0n-c0m_._.js:2477
[  901668ms] [LOG] [Fast Refresh] rebuilding @ http://localhost:4100/_next/static/chunks/0_qv_next_dist_0n-c0m_._.js:2477
[  901886ms] [LOG] [Fast Refresh] done in 329ms @ http://localhost:4100/_next/static/chunks/0_qv_next_dist_0n-c0m_._.js:2477
[  902077ms] [LOG] [Fast Refresh] rebuilding @ http://localhost:4100/_next/static/chunks/0_qv_next_dist_0n-c0m_._.js:2477
[  902085ms] [LOG] [Fast Refresh] done in 115ms @ http://localhost:4100/_next/static/chunks/0_qv_next_dist_0n-c0m_._.js:2477
[  940663ms] [LOG] [Fast Refresh] rebuilding @ http://localhost:4100/_next/static/chunks/0_qv_next_dist_0n-c0m_._.js:2477
[  940733ms] [LOG] [Fast Refresh] done in 178ms @ http://localhost:4100/_next/static/chunks/0_qv_next_dist_0n-c0m_._.js:2477
[ 1034701ms] [LOG] [Fast Refresh] rebuilding @ http://localhost:4100/_next/static/chunks/0_qv_next_dist_0n-c0m_._.js:2477
[ 1034872ms] [LOG] [Fast Refresh] done in 74ms @ http://localhost:4100/_next/static/chunks/0_qv_next_dist_0n-c0m_._.js:2477
[ 1034976ms] [LOG] [Fast Refresh] rebuilding @ http://localhost:4100/_next/static/chunks/0_qv_next_dist_0n-c0m_._.js:2477
[ 1035158ms] [LOG] [Fast Refresh] done in 282ms @ http://localhost:4100/_next/static/chunks/0_qv_next_dist_0n-c0m_._.js:2477
