[     122ms] [LOG] [Fast Refresh] rebuilding @ http://localhost:4100/_next/static/chunks/0_qv_next_dist_0n-c0m_._.js:2477
[     164ms] [LOG] [Fast Refresh] done in 151ms @ http://localhost:4100/_next/static/chunks/0_qv_next_dist_0n-c0m_._.js:2477
[     446ms] [INFO] %cDownload the React DevTools for a better development experience: https://react.dev/link/react-devtools font-weight:bold @ http://localhost:4100/_next/static/chunks/0_qv_next_dist_0n-c0m_._.js:2477
[     475ms] [LOG] [HMR] connected @ http://localhost:4100/_next/static/chunks/0_qv_next_dist_0n-c0m_._.js:2477
[     584ms] [WARNING] Image with src "/images/inhouse-image1-seo.webp" is using quality "86" which is not configured in images.qualities [75]. Please update your config to [75, 86].
Read more: https://nextjs.org/docs/messages/next-image-unconfigured-qualities @ http://localhost:4100/_next/static/chunks/0_qv_next_dist_0n-c0m_._.js:2477
[     586ms] [WARNING] Image with src "/images/inhouse-image2-seo.webp" is using quality "86" which is not configured in images.qualities [75]. Please update your config to [75, 86].
Read more: https://nextjs.org/docs/messages/next-image-unconfigured-qualities @ http://localhost:4100/_next/static/chunks/0_qv_next_dist_0n-c0m_._.js:2477
[     589ms] [WARNING] Image with src "/images/inhouse-img3-seo.webp" is using quality "86" which is not configured in images.qualities [75]. Please update your config to [75, 86].
Read more: https://nextjs.org/docs/messages/next-image-unconfigured-qualities @ http://localhost:4100/_next/static/chunks/0_qv_next_dist_0n-c0m_._.js:2477
[     591ms] [WARNING] Image with src "/images/inhouse-img4-seo.webp" is using quality "86" which is not configured in images.qualities [75]. Please update your config to [75, 86].
Read more: https://nextjs.org/docs/messages/next-image-unconfigured-qualities @ http://localhost:4100/_next/static/chunks/0_qv_next_dist_0n-c0m_._.js:2477
[     595ms] [WARNING] Image with src "/images/about-seo.webp" is using quality "86" which is not configured in images.qualities [75]. Please update your config to [75, 86].
Read more: https://nextjs.org/docs/messages/next-image-unconfigured-qualities @ http://localhost:4100/_next/static/chunks/0_qv_next_dist_0n-c0m_._.js:2477
[     615ms] [WARNING] Image with src "/products/tirzepatide.jpg" is using quality "86" which is not configured in images.qualities [75]. Please update your config to [75, 86].
Read more: https://nextjs.org/docs/messages/next-image-unconfigured-qualities @ http://localhost:4100/_next/static/chunks/0_qv_next_dist_0n-c0m_._.js:2477
[     618ms] [WARNING] Image with src "/products/retatrutide-20.jpg" is using quality "86" which is not configured in images.qualities [75]. Please update your config to [75, 86].
Read more: https://nextjs.org/docs/messages/next-image-unconfigured-qualities @ http://localhost:4100/_next/static/chunks/0_qv_next_dist_0n-c0m_._.js:2477
[     621ms] [WARNING] Image with src "/products/retatrutide-40.jpg" is using quality "86" which is not configured in images.qualities [75]. Please update your config to [75, 86].
Read more: https://nextjs.org/docs/messages/next-image-unconfigured-qualities @ http://localhost:4100/_next/static/chunks/0_qv_next_dist_0n-c0m_._.js:2477
[     623ms] [WARNING] Image with src "/products/glow.jpg" is using quality "86" which is not configured in images.qualities [75]. Please update your config to [75, 86].
Read more: https://nextjs.org/docs/messages/next-image-unconfigured-qualities @ http://localhost:4100/_next/static/chunks/0_qv_next_dist_0n-c0m_._.js:2477
[     625ms] [WARNING] Image with src "/products/bpc.jpg" is using quality "86" which is not configured in images.qualities [75]. Please update your config to [75, 86].
Read more: https://nextjs.org/docs/messages/next-image-unconfigured-qualities @ http://localhost:4100/_next/static/chunks/0_qv_next_dist_0n-c0m_._.js:2477
[     627ms] [WARNING] Image with src "/products/nad.jpg" is using quality "86" which is not configured in images.qualities [75]. Please update your config to [75, 86].
Read more: https://nextjs.org/docs/messages/next-image-unconfigured-qualities @ http://localhost:4100/_next/static/chunks/0_qv_next_dist_0n-c0m_._.js:2477
