[     240ms] [INFO] %cDownload the React DevTools for a better development experience: https://react.dev/link/react-devtools font-weight:bold @ http://localhost:4100/_next/static/chunks/node_modules_next_dist_1ybzpk2._.js:2477
[     261ms] [LOG] [HMR] connected @ http://localhost:4100/_next/static/chunks/node_modules_next_dist_1ybzpk2._.js:2477
[     344ms] [WARNING] Image with src "/images/inhouse-img1-seo.webp" is using quality "86" which is not configured in images.qualities [75]. Please update your config to [75, 86].
Read more: https://nextjs.org/docs/messages/next-image-unconfigured-qualities @ http://localhost:4100/_next/static/chunks/node_modules_next_dist_1ybzpk2._.js:2477
[     348ms] [WARNING] Image with src "/images/inhouse-img2-seo.webp" is using quality "86" which is not configured in images.qualities [75]. Please update your config to [75, 86].
Read more: https://nextjs.org/docs/messages/next-image-unconfigured-qualities @ http://localhost:4100/_next/static/chunks/node_modules_next_dist_1ybzpk2._.js:2477
[     349ms] [WARNING] Image with src "/images/inhouse-img3-seo.webp" is using quality "86" which is not configured in images.qualities [75]. Please update your config to [75, 86].
Read more: https://nextjs.org/docs/messages/next-image-unconfigured-qualities @ http://localhost:4100/_next/static/chunks/node_modules_next_dist_1ybzpk2._.js:2477
[     353ms] [WARNING] Image with src "/images/inhouse-img4-seo.webp" is using quality "86" which is not configured in images.qualities [75]. Please update your config to [75, 86].
Read more: https://nextjs.org/docs/messages/next-image-unconfigured-qualities @ http://localhost:4100/_next/static/chunks/node_modules_next_dist_1ybzpk2._.js:2477
[     357ms] [WARNING] Image with src "/images/about-seo.webp" is using quality "86" which is not configured in images.qualities [75]. Please update your config to [75, 86].
Read more: https://nextjs.org/docs/messages/next-image-unconfigured-qualities @ http://localhost:4100/_next/static/chunks/node_modules_next_dist_1ybzpk2._.js:2477
[     377ms] [WARNING] Image with src "/products/tirzepatide.jpg" is using quality "86" which is not configured in images.qualities [75]. Please update your config to [75, 86].
Read more: https://nextjs.org/docs/messages/next-image-unconfigured-qualities @ http://localhost:4100/_next/static/chunks/node_modules_next_dist_1ybzpk2._.js:2477
[     380ms] [WARNING] Image with src "/products/retatrutide-20.jpg" is using quality "86" which is not configured in images.qualities [75]. Please update your config to [75, 86].
Read more: https://nextjs.org/docs/messages/next-image-unconfigured-qualities @ http://localhost:4100/_next/static/chunks/node_modules_next_dist_1ybzpk2._.js:2477
[     382ms] [WARNING] Image with src "/products/retatrutide-40.jpg" is using quality "86" which is not configured in images.qualities [75]. Please update your config to [75, 86].
Read more: https://nextjs.org/docs/messages/next-image-unconfigured-qualities @ http://localhost:4100/_next/static/chunks/node_modules_next_dist_1ybzpk2._.js:2477
[     388ms] [WARNING] Image with src "/products/glow.jpg" is using quality "86" which is not configured in images.qualities [75]. Please update your config to [75, 86].
Read more: https://nextjs.org/docs/messages/next-image-unconfigured-qualities @ http://localhost:4100/_next/static/chunks/node_modules_next_dist_1ybzpk2._.js:2477
[     393ms] [WARNING] Image with src "/products/bpc.jpg" is using quality "86" which is not configured in images.qualities [75]. Please update your config to [75, 86].
Read more: https://nextjs.org/docs/messages/next-image-unconfigured-qualities @ http://localhost:4100/_next/static/chunks/node_modules_next_dist_1ybzpk2._.js:2477
[     396ms] [WARNING] Image with src "/products/nad.jpg" is using quality "86" which is not configured in images.qualities [75]. Please update your config to [75, 86].
Read more: https://nextjs.org/docs/messages/next-image-unconfigured-qualities @ http://localhost:4100/_next/static/chunks/node_modules_next_dist_1ybzpk2._.js:2477
[ 1402810ms] [LOG] [Fast Refresh] rebuilding @ http://localhost:4100/_next/static/chunks/node_modules_next_dist_1ybzpk2._.js:2477
[ 1402896ms] [WARNING] Image with src "/images/inhouse-image1-seo.webp" is using quality "86" which is not configured in images.qualities [75]. Please update your config to [75, 86].
Read more: https://nextjs.org/docs/messages/next-image-unconfigured-qualities @ http://localhost:4100/_next/static/chunks/node_modules_next_dist_1ybzpk2._.js:2477
[ 1403014ms] [LOG] [Fast Refresh] done in 85ms @ http://localhost:4100/_next/static/chunks/node_modules_next_dist_1ybzpk2._.js:2477
[ 1409166ms] [LOG] [Fast Refresh] rebuilding @ http://localhost:4100/_next/static/chunks/node_modules_next_dist_1ybzpk2._.js:2477
[ 1409198ms] [WARNING] Image with src "/images/inhouse-image2-seo.webp" is using quality "86" which is not configured in images.qualities [75]. Please update your config to [75, 86].
Read more: https://nextjs.org/docs/messages/next-image-unconfigured-qualities @ http://localhost:4100/_next/static/chunks/node_modules_next_dist_1ybzpk2._.js:2477
[ 1409292ms] [LOG] [Fast Refresh] done in 35ms @ http://localhost:4100/_next/static/chunks/node_modules_next_dist_1ybzpk2._.js:2477
[ 1427570ms] [LOG] [Fast Refresh] rebuilding @ http://localhost:4100/_next/static/chunks/node_modules_next_dist_1ybzpk2._.js:2477
[ 1427571ms] [LOG] [Fast Refresh] done in 109ms @ http://localhost:4100/_next/static/chunks/node_modules_next_dist_1ybzpk2._.js:2477
[ 1666457ms] [LOG] [Fast Refresh] rebuilding @ http://localhost:4100/_next/static/chunks/node_modules_next_dist_1ybzpk2._.js:2477
[ 1666598ms] [LOG] [Fast Refresh] done in 53ms @ http://localhost:4100/_next/static/chunks/node_modules_next_dist_1ybzpk2._.js:2477
[ 1676421ms] [LOG] [Fast Refresh] rebuilding @ http://localhost:4100/_next/static/chunks/node_modules_next_dist_1ybzpk2._.js:2477
[ 1676504ms] [LOG] [Fast Refresh] done in 98ms @ http://localhost:4100/_next/static/chunks/node_modules_next_dist_1ybzpk2._.js:2477
[ 1924557ms] [LOG] [Fast Refresh] rebuilding @ http://localhost:4100/_next/static/chunks/node_modules_next_dist_1ybzpk2._.js:2477
[ 1924676ms] [LOG] [Fast Refresh] done in 67ms @ http://localhost:4100/_next/static/chunks/node_modules_next_dist_1ybzpk2._.js:2477
[ 1931930ms] [LOG] [Fast Refresh] rebuilding @ http://localhost:4100/_next/static/chunks/node_modules_next_dist_1ybzpk2._.js:2477
[ 1931933ms] [LOG] [Fast Refresh] done in 110ms @ http://localhost:4100/_next/static/chunks/node_modules_next_dist_1ybzpk2._.js:2477
[ 1940573ms] [LOG] [Fast Refresh] rebuilding @ http://localhost:4100/_next/static/chunks/node_modules_next_dist_1ybzpk2._.js:2477
[ 1940769ms] [LOG] [Fast Refresh] done in 115ms @ http://localhost:4100/_next/static/chunks/node_modules_next_dist_1ybzpk2._.js:2477
[ 2048075ms] [LOG] [Fast Refresh] rebuilding @ http://localhost:4100/_next/static/chunks/node_modules_next_dist_1ybzpk2._.js:2477
[ 2048254ms] [LOG] [Fast Refresh] done in 294ms @ http://localhost:4100/_next/static/chunks/node_modules_next_dist_1ybzpk2._.js:2477
[ 2220639ms] [ERROR] WebSocket connection to 'ws://localhost:4100/_next/webpack-hmr?id=WIab3BBdzM8lbxFmG_Yzp' failed: Error in connection establishment: net::ERR_CONNECTION_REFUSED @ http://localhost:4100/_next/static/chunks/node_modules_next_dist_client_0r5nbpw._.js:13422
[ 2223991ms] [ERROR] WebSocket connection to 'ws://localhost:4100/_next/webpack-hmr?id=WIab3BBdzM8lbxFmG_Yzp' failed: Error in connection establishment: net::ERR_CONNECTION_REFUSED @ http://localhost:4100/_next/static/chunks/node_modules_next_dist_client_0r5nbpw._.js:13422
[ 2227347ms] [ERROR] WebSocket connection to 'ws://localhost:4100/_next/webpack-hmr?id=WIab3BBdzM8lbxFmG_Yzp' failed: Error in connection establishment: net::ERR_CONNECTION_REFUSED @ http://localhost:4100/_next/static/chunks/node_modules_next_dist_client_0r5nbpw._.js:13422
[ 2230737ms] [ERROR] WebSocket connection to 'ws://localhost:4100/_next/webpack-hmr?id=WIab3BBdzM8lbxFmG_Yzp' failed: Error in connection establishment: net::ERR_CONNECTION_REFUSED @ http://localhost:4100/_next/static/chunks/node_modules_next_dist_client_0r5nbpw._.js:13422
