[     146ms] [LOG] [Fast Refresh] rebuilding @ http://localhost:4100/_next/static/chunks/0_qv_next_dist_0n-c0m_._.js:2477
[     243ms] [LOG] [Fast Refresh] done in 202ms @ http://localhost:4100/_next/static/chunks/0_qv_next_dist_0n-c0m_._.js:2477
[     628ms] [INFO] %cDownload the React DevTools for a better development experience: https://react.dev/link/react-devtools font-weight:bold @ http://localhost:4100/_next/static/chunks/0_qv_next_dist_0n-c0m_._.js:2477
[     648ms] [LOG] [HMR] connected @ http://localhost:4100/_next/static/chunks/0_qv_next_dist_0n-c0m_._.js:2477
[     776ms] [WARNING] Image with src "/images/inhouse-image1-seo.webp" is using quality "86" which is not configured in images.qualities [75, 90]. Please update your config to [75, 86, 90].
Read more: https://nextjs.org/docs/messages/next-image-unconfigured-qualities @ http://localhost:4100/_next/static/chunks/0_qv_next_dist_0n-c0m_._.js:2477
[     780ms] [WARNING] Image with src "/images/inhouse-image2-seo.webp" is using quality "86" which is not configured in images.qualities [75, 90]. Please update your config to [75, 86, 90].
Read more: https://nextjs.org/docs/messages/next-image-unconfigured-qualities @ http://localhost:4100/_next/static/chunks/0_qv_next_dist_0n-c0m_._.js:2477
[     781ms] [WARNING] Image with src "/images/inhouse-img3-seo.webp" is using quality "86" which is not configured in images.qualities [75, 90]. Please update your config to [75, 86, 90].
Read more: https://nextjs.org/docs/messages/next-image-unconfigured-qualities @ http://localhost:4100/_next/static/chunks/0_qv_next_dist_0n-c0m_._.js:2477
[     784ms] [WARNING] Image with src "/images/inhouse-img4-seo.webp" is using quality "86" which is not configured in images.qualities [75, 90]. Please update your config to [75, 86, 90].
Read more: https://nextjs.org/docs/messages/next-image-unconfigured-qualities @ http://localhost:4100/_next/static/chunks/0_qv_next_dist_0n-c0m_._.js:2477
[     790ms] [WARNING] Image with src "/images/about-seo.webp" is using quality "86" which is not configured in images.qualities [75, 90]. Please update your config to [75, 86, 90].
Read more: https://nextjs.org/docs/messages/next-image-unconfigured-qualities @ http://localhost:4100/_next/static/chunks/0_qv_next_dist_0n-c0m_._.js:2477
[     815ms] [WARNING] Image with src "/products/tirzepatide.jpg" is using quality "86" which is not configured in images.qualities [75, 90]. Please update your config to [75, 86, 90].
Read more: https://nextjs.org/docs/messages/next-image-unconfigured-qualities @ http://localhost:4100/_next/static/chunks/0_qv_next_dist_0n-c0m_._.js:2477
[     817ms] [WARNING] Image with src "/products/retatrutide-20.jpg" is using quality "86" which is not configured in images.qualities [75, 90]. Please update your config to [75, 86, 90].
Read more: https://nextjs.org/docs/messages/next-image-unconfigured-qualities @ http://localhost:4100/_next/static/chunks/0_qv_next_dist_0n-c0m_._.js:2477
[     823ms] [WARNING] Image with src "/products/retatrutide-40.jpg" is using quality "86" which is not configured in images.qualities [75, 90]. Please update your config to [75, 86, 90].
Read more: https://nextjs.org/docs/messages/next-image-unconfigured-qualities @ http://localhost:4100/_next/static/chunks/0_qv_next_dist_0n-c0m_._.js:2477
[     826ms] [WARNING] Image with src "/products/glow.jpg" is using quality "86" which is not configured in images.qualities [75, 90]. Please update your config to [75, 86, 90].
Read more: https://nextjs.org/docs/messages/next-image-unconfigured-qualities @ http://localhost:4100/_next/static/chunks/0_qv_next_dist_0n-c0m_._.js:2477
[     829ms] [WARNING] Image with src "/products/bpc.jpg" is using quality "86" which is not configured in images.qualities [75, 90]. Please update your config to [75, 86, 90].
Read more: https://nextjs.org/docs/messages/next-image-unconfigured-qualities @ http://localhost:4100/_next/static/chunks/0_qv_next_dist_0n-c0m_._.js:2477
[     832ms] [WARNING] Image with src "/products/nad.jpg" is using quality "86" which is not configured in images.qualities [75, 90]. Please update your config to [75, 86, 90].
Read more: https://nextjs.org/docs/messages/next-image-unconfigured-qualities @ http://localhost:4100/_next/static/chunks/0_qv_next_dist_0n-c0m_._.js:2477
[    9090ms] [LOG] [Fast Refresh] rebuilding @ http://localhost:4100/_next/static/chunks/0_qv_next_dist_0n-c0m_._.js:2477
[    9130ms] [LOG] [Fast Refresh] done in 219ms @ http://localhost:4100/_next/static/chunks/0_qv_next_dist_0n-c0m_._.js:2477
[   18776ms] [LOG] [Fast Refresh] rebuilding @ http://localhost:4100/_next/static/chunks/0_qv_next_dist_0n-c0m_._.js:2477
[   18838ms] [LOG] [Fast Refresh] done in 155ms @ http://localhost:4100/_next/static/chunks/0_qv_next_dist_0n-c0m_._.js:2477
[   18943ms] [LOG] [Fast Refresh] rebuilding @ http://localhost:4100/_next/static/chunks/0_qv_next_dist_0n-c0m_._.js:2477
[   19067ms] [LOG] [Fast Refresh] done in 226ms @ http://localhost:4100/_next/static/chunks/0_qv_next_dist_0n-c0m_._.js:2477
[   19244ms] [LOG] [Fast Refresh] rebuilding @ http://localhost:4100/_next/static/chunks/0_qv_next_dist_0n-c0m_._.js:2477
[   19282ms] [LOG] [Fast Refresh] done in 140ms @ http://localhost:4100/_next/static/chunks/0_qv_next_dist_0n-c0m_._.js:2477
[   36360ms] [LOG] [Fast Refresh] rebuilding @ http://localhost:4100/_next/static/chunks/0_qv_next_dist_0n-c0m_._.js:2477
[   36414ms] [LOG] [Fast Refresh] done in 158ms @ http://localhost:4100/_next/static/chunks/0_qv_next_dist_0n-c0m_._.js:2477
[   36518ms] [LOG] [Fast Refresh] rebuilding @ http://localhost:4100/_next/static/chunks/0_qv_next_dist_0n-c0m_._.js:2477
[   36539ms] [LOG] [Fast Refresh] done in 125ms @ http://localhost:4100/_next/static/chunks/0_qv_next_dist_0n-c0m_._.js:2477
