[     201ms] [INFO] %cDownload the React DevTools for a better development experience: https://react.dev/link/react-devtools font-weight:bold @ http://localhost:4100/_next/static/chunks/node_modules_next_dist_1ybzpk2._.js:2477
[     224ms] [LOG] [HMR] connected @ http://localhost:4100/_next/static/chunks/node_modules_next_dist_1ybzpk2._.js:2477
[     314ms] [WARNING] Image with src "/images/inhouse-img1-seo.webp" is using quality "86" which is not configured in images.qualities [75]. Please update your config to [75, 86].
Read more: https://nextjs.org/docs/messages/next-image-unconfigured-qualities @ http://localhost:4100/_next/static/chunks/node_modules_next_dist_1ybzpk2._.js:2477
[     315ms] [WARNING] Image with src "/images/inhouse-img2-seo.webp" is using quality "86" which is not configured in images.qualities [75]. Please update your config to [75, 86].
Read more: https://nextjs.org/docs/messages/next-image-unconfigured-qualities @ http://localhost:4100/_next/static/chunks/node_modules_next_dist_1ybzpk2._.js:2477
[     317ms] [WARNING] Image with src "/images/inhouse-img3-seo.webp" is using quality "86" which is not configured in images.qualities [75]. Please update your config to [75, 86].
Read more: https://nextjs.org/docs/messages/next-image-unconfigured-qualities @ http://localhost:4100/_next/static/chunks/node_modules_next_dist_1ybzpk2._.js:2477
[     321ms] [WARNING] Image with src "/images/inhouse-img4-seo.webp" is using quality "86" which is not configured in images.qualities [75]. Please update your config to [75, 86].
Read more: https://nextjs.org/docs/messages/next-image-unconfigured-qualities @ http://localhost:4100/_next/static/chunks/node_modules_next_dist_1ybzpk2._.js:2477
[     326ms] [WARNING] Image with src "/images/about-seo.webp" is using quality "86" which is not configured in images.qualities [75]. Please update your config to [75, 86].
Read more: https://nextjs.org/docs/messages/next-image-unconfigured-qualities @ http://localhost:4100/_next/static/chunks/node_modules_next_dist_1ybzpk2._.js:2477
[     348ms] [WARNING] Image with src "/products/tirzepatide.jpg" is using quality "86" which is not configured in images.qualities [75]. Please update your config to [75, 86].
Read more: https://nextjs.org/docs/messages/next-image-unconfigured-qualities @ http://localhost:4100/_next/static/chunks/node_modules_next_dist_1ybzpk2._.js:2477
[     351ms] [WARNING] Image with src "/products/retatrutide-20.jpg" is using quality "86" which is not configured in images.qualities [75]. Please update your config to [75, 86].
Read more: https://nextjs.org/docs/messages/next-image-unconfigured-qualities @ http://localhost:4100/_next/static/chunks/node_modules_next_dist_1ybzpk2._.js:2477
[     355ms] [WARNING] Image with src "/products/retatrutide-40.jpg" is using quality "86" which is not configured in images.qualities [75]. Please update your config to [75, 86].
Read more: https://nextjs.org/docs/messages/next-image-unconfigured-qualities @ http://localhost:4100/_next/static/chunks/node_modules_next_dist_1ybzpk2._.js:2477
[     361ms] [WARNING] Image with src "/products/glow.jpg" is using quality "86" which is not configured in images.qualities [75]. Please update your config to [75, 86].
Read more: https://nextjs.org/docs/messages/next-image-unconfigured-qualities @ http://localhost:4100/_next/static/chunks/node_modules_next_dist_1ybzpk2._.js:2477
[     363ms] [WARNING] Image with src "/products/bpc.jpg" is using quality "86" which is not configured in images.qualities [75]. Please update your config to [75, 86].
Read more: https://nextjs.org/docs/messages/next-image-unconfigured-qualities @ http://localhost:4100/_next/static/chunks/node_modules_next_dist_1ybzpk2._.js:2477
[     365ms] [WARNING] Image with src "/products/nad.jpg" is using quality "86" which is not configured in images.qualities [75]. Please update your config to [75, 86].
Read more: https://nextjs.org/docs/messages/next-image-unconfigured-qualities @ http://localhost:4100/_next/static/chunks/node_modules_next_dist_1ybzpk2._.js:2477
[  210649ms] [LOG] [Fast Refresh] rebuilding @ http://localhost:4100/_next/static/chunks/node_modules_next_dist_1ybzpk2._.js:2477
[  210767ms] [LOG] [Fast Refresh] done in 97ms @ http://localhost:4100/_next/static/chunks/node_modules_next_dist_1ybzpk2._.js:2477
[  215468ms] [LOG] [Fast Refresh] rebuilding @ http://localhost:4100/_next/static/chunks/node_modules_next_dist_1ybzpk2._.js:2477
[  215573ms] [LOG] [Fast Refresh] done in 220ms @ http://localhost:4100/_next/static/chunks/node_modules_next_dist_1ybzpk2._.js:2477
