[    3630ms] [INFO] %cDownload the React DevTools for a better development experience: https://react.dev/link/react-devtools font-weight:bold @ http://localhost:4200/_next/static/chunks/0_qv_next_dist_0n-c0m_._.js:2477
[    4010ms] [LOG] [HMR] connected @ http://localhost:4200/_next/static/chunks/0_qv_next_dist_0n-c0m_._.js:2477
[    4352ms] [LOG] [Fast Refresh] rebuilding @ http://localhost:4200/_next/static/chunks/0_qv_next_dist_0n-c0m_._.js:2477
[    5023ms] [WARNING] Image with src "/images/glow/glowfrontnew.jpg" is using quality "90" which is not configured in images.qualities [75]. Please update your config to [75, 90].
Read more: https://nextjs.org/docs/messages/next-image-unconfigured-qualities @ http://localhost:4200/_next/static/chunks/0_qv_next_dist_0n-c0m_._.js:2477
[   19610ms] [WARNING] Image with src "/images/glow/glowfrontnew.jpg" was detected as the Largest Contentful Paint (LCP). Please add the `loading="eager"` property if this image is above the fold.
Read more: https://nextjs.org/docs/app/api-reference/components/image#loading @ http://localhost:4200/_next/static/chunks/0_qv_next_dist_0n-c0m_._.js:2477
[  401408ms] [LOG] [HMR] connected @ http://localhost:4200/_next/static/chunks/0_qv_next_dist_0n-c0m_._.js:2477
[  404794ms] [INFO] %cDownload the React DevTools for a better development experience: https://react.dev/link/react-devtools font-weight:bold @ http://localhost:4200/_next/static/chunks/0_qv_next_dist_0n-c0m_._.js:2477
[  405019ms] [LOG] [HMR] connected @ http://localhost:4200/_next/static/chunks/0_qv_next_dist_0n-c0m_._.js:2477
[  405150ms] [WARNING] Image with src "/images/glow/glowfrontnew.jpg" is using quality "90" which is not configured in images.qualities [75]. Please update your config to [75, 90].
Read more: https://nextjs.org/docs/messages/next-image-unconfigured-qualities @ http://localhost:4200/_next/static/chunks/0_qv_next_dist_0n-c0m_._.js:2477
[ 1061425ms] [ERROR] WebSocket connection to 'ws://localhost:4200/_next/webpack-hmr?id=ud9AXDX8EGAlN8U2SudTD' failed: Error in connection establishment: net::ERR_CONNECTION_REFUSED @ http://localhost:4200/_next/static/chunks/0_qv_next_dist_client_0tdc9wn._.js:13422
[ 1064793ms] [ERROR] WebSocket connection to 'ws://localhost:4200/_next/webpack-hmr?id=ud9AXDX8EGAlN8U2SudTD' failed: Error in connection establishment: net::ERR_CONNECTION_REFUSED @ http://localhost:4200/_next/static/chunks/0_qv_next_dist_client_0tdc9wn._.js:13422
[ 1068139ms] [ERROR] WebSocket connection to 'ws://localhost:4200/_next/webpack-hmr?id=ud9AXDX8EGAlN8U2SudTD' failed: Error in connection establishment: net::ERR_CONNECTION_REFUSED @ http://localhost:4200/_next/static/chunks/0_qv_next_dist_client_0tdc9wn._.js:13422
[ 1071486ms] [ERROR] WebSocket connection to 'ws://localhost:4200/_next/webpack-hmr?id=ud9AXDX8EGAlN8U2SudTD' failed: Error in connection establishment: net::ERR_CONNECTION_REFUSED @ http://localhost:4200/_next/static/chunks/0_qv_next_dist_client_0tdc9wn._.js:13422
[ 1074844ms] [ERROR] WebSocket connection to 'ws://localhost:4200/_next/webpack-hmr?id=ud9AXDX8EGAlN8U2SudTD' failed: Error in connection establishment: net::ERR_CONNECTION_REFUSED @ http://localhost:4200/_next/static/chunks/0_qv_next_dist_client_0tdc9wn._.js:13422
[ 1082210ms] [ERROR] WebSocket connection to 'ws://localhost:4200/_next/webpack-hmr?id=ud9AXDX8EGAlN8U2SudTD' failed: Error in connection establishment: net::ERR_CONNECTION_REFUSED @ http://localhost:4200/_next/static/chunks/0_qv_next_dist_client_0tdc9wn._.js:13422
[ 1089568ms] [ERROR] WebSocket connection to 'ws://localhost:4200/_next/webpack-hmr?id=ud9AXDX8EGAlN8U2SudTD' failed: Error in connection establishment: net::ERR_CONNECTION_REFUSED @ http://localhost:4200/_next/static/chunks/0_qv_next_dist_client_0tdc9wn._.js:13422
[ 1096935ms] [ERROR] WebSocket connection to 'ws://localhost:4200/_next/webpack-hmr?id=ud9AXDX8EGAlN8U2SudTD' failed: Error in connection establishment: net::ERR_CONNECTION_REFUSED @ http://localhost:4200/_next/static/chunks/0_qv_next_dist_client_0tdc9wn._.js:13422
[ 1104296ms] [ERROR] WebSocket connection to 'ws://localhost:4200/_next/webpack-hmr?id=ud9AXDX8EGAlN8U2SudTD' failed: Error in connection establishment: net::ERR_CONNECTION_REFUSED @ http://localhost:4200/_next/static/chunks/0_qv_next_dist_client_0tdc9wn._.js:13422
[ 1111673ms] [ERROR] WebSocket connection to 'ws://localhost:4200/_next/webpack-hmr?id=ud9AXDX8EGAlN8U2SudTD' failed: Error in connection establishment: net::ERR_CONNECTION_REFUSED @ http://localhost:4200/_next/static/chunks/0_qv_next_dist_client_0tdc9wn._.js:13422
[ 1119056ms] [ERROR] WebSocket connection to 'ws://localhost:4200/_next/webpack-hmr?id=ud9AXDX8EGAlN8U2SudTD' failed: Error in connection establishment: net::ERR_CONNECTION_REFUSED @ http://localhost:4200/_next/static/chunks/0_qv_next_dist_client_0tdc9wn._.js:13422
[ 1126504ms] [ERROR] WebSocket connection to 'ws://localhost:4200/_next/webpack-hmr?id=ud9AXDX8EGAlN8U2SudTD' failed: Error in connection establishment: net::ERR_CONNECTION_REFUSED @ http://localhost:4200/_next/static/chunks/0_qv_next_dist_client_0tdc9wn._.js:13422
