[     271ms] [INFO] %cDownload the React DevTools for a better development experience: https://react.dev/link/react-devtools font-weight:bold @ http://localhost:4100/_next/static/chunks/node_modules_next_dist_1ybzpk2._.js:2477
[     345ms] [LOG] [HMR] connected @ http://localhost:4100/_next/static/chunks/node_modules_next_dist_1ybzpk2._.js:2477
[     458ms] [WARNING] Image with src "/images/inhouse-img1-seo.webp" is using quality "86" which is not configured in images.qualities [75]. Please update your config to [75, 86].
Read more: https://nextjs.org/docs/messages/next-image-unconfigured-qualities @ http://localhost:4100/_next/static/chunks/node_modules_next_dist_1ybzpk2._.js:2477
[     461ms] [WARNING] Image with src "/images/inhouse-img2-seo.webp" is using quality "86" which is not configured in images.qualities [75]. Please update your config to [75, 86].
Read more: https://nextjs.org/docs/messages/next-image-unconfigured-qualities @ http://localhost:4100/_next/static/chunks/node_modules_next_dist_1ybzpk2._.js:2477
[     462ms] [WARNING] Image with src "/images/inhouse-img3-seo.webp" is using quality "86" which is not configured in images.qualities [75]. Please update your config to [75, 86].
Read more: https://nextjs.org/docs/messages/next-image-unconfigured-qualities @ http://localhost:4100/_next/static/chunks/node_modules_next_dist_1ybzpk2._.js:2477
[     464ms] [WARNING] Image with src "/images/inhouse-img4-seo.webp" is using quality "86" which is not configured in images.qualities [75]. Please update your config to [75, 86].
Read more: https://nextjs.org/docs/messages/next-image-unconfigured-qualities @ http://localhost:4100/_next/static/chunks/node_modules_next_dist_1ybzpk2._.js:2477
[     469ms] [WARNING] Image with src "/images/about-seo.webp" is using quality "86" which is not configured in images.qualities [75]. Please update your config to [75, 86].
Read more: https://nextjs.org/docs/messages/next-image-unconfigured-qualities @ http://localhost:4100/_next/static/chunks/node_modules_next_dist_1ybzpk2._.js:2477
[     490ms] [WARNING] Image with src "/products/tirzepatide.jpg" is using quality "86" which is not configured in images.qualities [75]. Please update your config to [75, 86].
Read more: https://nextjs.org/docs/messages/next-image-unconfigured-qualities @ http://localhost:4100/_next/static/chunks/node_modules_next_dist_1ybzpk2._.js:2477
[     493ms] [WARNING] Image with src "/products/retatrutide-20.jpg" is using quality "86" which is not configured in images.qualities [75]. Please update your config to [75, 86].
Read more: https://nextjs.org/docs/messages/next-image-unconfigured-qualities @ http://localhost:4100/_next/static/chunks/node_modules_next_dist_1ybzpk2._.js:2477
[     495ms] [WARNING] Image with src "/products/retatrutide-40.jpg" is using quality "86" which is not configured in images.qualities [75]. Please update your config to [75, 86].
Read more: https://nextjs.org/docs/messages/next-image-unconfigured-qualities @ http://localhost:4100/_next/static/chunks/node_modules_next_dist_1ybzpk2._.js:2477
[     498ms] [WARNING] Image with src "/products/glow.jpg" is using quality "86" which is not configured in images.qualities [75]. Please update your config to [75, 86].
Read more: https://nextjs.org/docs/messages/next-image-unconfigured-qualities @ http://localhost:4100/_next/static/chunks/node_modules_next_dist_1ybzpk2._.js:2477
[     502ms] [WARNING] Image with src "/products/bpc.jpg" is using quality "86" which is not configured in images.qualities [75]. Please update your config to [75, 86].
Read more: https://nextjs.org/docs/messages/next-image-unconfigured-qualities @ http://localhost:4100/_next/static/chunks/node_modules_next_dist_1ybzpk2._.js:2477
[     504ms] [WARNING] Image with src "/products/nad.jpg" is using quality "86" which is not configured in images.qualities [75]. Please update your config to [75, 86].
Read more: https://nextjs.org/docs/messages/next-image-unconfigured-qualities @ http://localhost:4100/_next/static/chunks/node_modules_next_dist_1ybzpk2._.js:2477
[   59207ms] [LOG] [Fast Refresh] rebuilding @ http://localhost:4100/_next/static/chunks/node_modules_next_dist_1ybzpk2._.js:2477
[   59287ms] [LOG] [Fast Refresh] done in 96ms @ http://localhost:4100/_next/static/chunks/node_modules_next_dist_1ybzpk2._.js:2477
