[     121ms] [LOG] [Fast Refresh] rebuilding @ http://localhost:4100/_next/static/chunks/0_qv_next_dist_0n-c0m_._.js:2477
[     352ms] [LOG] [Fast Refresh] done in 333ms @ http://localhost:4100/_next/static/chunks/0_qv_next_dist_0n-c0m_._.js:2477
[     573ms] [INFO] %cDownload the React DevTools for a better development experience: https://react.dev/link/react-devtools font-weight:bold @ http://localhost:4100/_next/static/chunks/0_qv_next_dist_0n-c0m_._.js:2477
[     634ms] [LOG] [HMR] connected @ http://localhost:4100/_next/static/chunks/0_qv_next_dist_0n-c0m_._.js:2477
[  102519ms] [LOG] [Fast Refresh] rebuilding @ http://localhost:4100/_next/static/chunks/0_qv_next_dist_0n-c0m_._.js:2477
[  102627ms] [LOG] [Fast Refresh] done in 207ms @ http://localhost:4100/_next/static/chunks/0_qv_next_dist_0n-c0m_._.js:2477
[  102730ms] [LOG] [Fast Refresh] rebuilding @ http://localhost:4100/_next/static/chunks/0_qv_next_dist_0n-c0m_._.js:2477
[  102770ms] [LOG] [Fast Refresh] done in 142ms @ http://localhost:4100/_next/static/chunks/0_qv_next_dist_0n-c0m_._.js:2477
[  102951ms] [LOG] [Fast Refresh] rebuilding @ http://localhost:4100/_next/static/chunks/0_qv_next_dist_0n-c0m_._.js:2477
[  103081ms] [LOG] [Fast Refresh] done in 238ms @ http://localhost:4100/_next/static/chunks/0_qv_next_dist_0n-c0m_._.js:2477
[  103236ms] [LOG] [Fast Refresh] rebuilding @ http://localhost:4100/_next/static/chunks/0_qv_next_dist_0n-c0m_._.js:2477
[  103264ms] [LOG] [Fast Refresh] done in 132ms @ http://localhost:4100/_next/static/chunks/0_qv_next_dist_0n-c0m_._.js:2477
[  272272ms] [LOG] [Fast Refresh] rebuilding @ http://localhost:4100/_next/static/chunks/0_qv_next_dist_0n-c0m_._.js:2477
[  272564ms] [LOG] [Fast Refresh] done in 212ms @ http://localhost:4100/_next/static/chunks/0_qv_next_dist_0n-c0m_._.js:2477
[  272667ms] [LOG] [Fast Refresh] rebuilding @ http://localhost:4100/_next/static/chunks/0_qv_next_dist_0n-c0m_._.js:2477
[  272706ms] [LOG] [Fast Refresh] done in 142ms @ http://localhost:4100/_next/static/chunks/0_qv_next_dist_0n-c0m_._.js:2477
[  293284ms] [LOG] [Fast Refresh] rebuilding @ http://localhost:4100/_next/static/chunks/0_qv_next_dist_0n-c0m_._.js:2477
[  293285ms] [LOG] [Fast Refresh] done in 107ms @ http://localhost:4100/_next/static/chunks/0_qv_next_dist_0n-c0m_._.js:2477
[  309783ms] [LOG] [Fast Refresh] rebuilding @ http://localhost:4100/_next/static/chunks/0_qv_next_dist_0n-c0m_._.js:2477
[  309784ms] [LOG] [Fast Refresh] done in 108ms @ http://localhost:4100/_next/static/chunks/0_qv_next_dist_0n-c0m_._.js:2477
[  323474ms] [LOG] [Fast Refresh] rebuilding @ http://localhost:4100/_next/static/chunks/0_qv_next_dist_0n-c0m_._.js:2477
[  323629ms] [LOG] [Fast Refresh] done in 111ms @ http://localhost:4100/_next/static/chunks/0_qv_next_dist_0n-c0m_._.js:2477
[  359999ms] [LOG] [Fast Refresh] rebuilding @ http://localhost:4100/_next/static/chunks/0_qv_next_dist_0n-c0m_._.js:2477
[  360062ms] [LOG] [Fast Refresh] done in 168ms @ http://localhost:4100/_next/static/chunks/0_qv_next_dist_0n-c0m_._.js:2477
[  360175ms] [LOG] [Fast Refresh] rebuilding @ http://localhost:4100/_next/static/chunks/0_qv_next_dist_0n-c0m_._.js:2477
[  360259ms] [LOG] [Fast Refresh] done in 194ms @ http://localhost:4100/_next/static/chunks/0_qv_next_dist_0n-c0m_._.js:2477
[  360360ms] [LOG] [Fast Refresh] rebuilding @ http://localhost:4100/_next/static/chunks/0_qv_next_dist_0n-c0m_._.js:2477
[  360475ms] [LOG] [Fast Refresh] done in 215ms @ http://localhost:4100/_next/static/chunks/0_qv_next_dist_0n-c0m_._.js:2477
[  443479ms] [LOG] [Fast Refresh] rebuilding @ http://localhost:4100/_next/static/chunks/0_qv_next_dist_0n-c0m_._.js:2477
[  443577ms] [LOG] [Fast Refresh] done in 203ms @ http://localhost:4100/_next/static/chunks/0_qv_next_dist_0n-c0m_._.js:2477
[  443691ms] [LOG] [Fast Refresh] rebuilding @ http://localhost:4100/_next/static/chunks/0_qv_next_dist_0n-c0m_._.js:2477
[  443743ms] [LOG] [Fast Refresh] done in 161ms @ http://localhost:4100/_next/static/chunks/0_qv_next_dist_0n-c0m_._.js:2477
[  443928ms] [LOG] [Fast Refresh] rebuilding @ http://localhost:4100/_next/static/chunks/0_qv_next_dist_0n-c0m_._.js:2477
[  444201ms] [LOG] [Fast Refresh] done in 385ms @ http://localhost:4100/_next/static/chunks/0_qv_next_dist_0n-c0m_._.js:2477
[  444322ms] [LOG] [Fast Refresh] rebuilding @ http://localhost:4100/_next/static/chunks/0_qv_next_dist_0n-c0m_._.js:2477
[  444345ms] [LOG] [Fast Refresh] done in 131ms @ http://localhost:4100/_next/static/chunks/0_qv_next_dist_0n-c0m_._.js:2477
[  444691ms] [LOG] [Fast Refresh] rebuilding @ http://localhost:4100/_next/static/chunks/0_qv_next_dist_0n-c0m_._.js:2477
[  444713ms] [LOG] [Fast Refresh] done in 129ms @ http://localhost:4100/_next/static/chunks/0_qv_next_dist_0n-c0m_._.js:2477
[  462239ms] [LOG] [Fast Refresh] rebuilding @ http://localhost:4100/_next/static/chunks/0_qv_next_dist_0n-c0m_._.js:2477
[  462277ms] [LOG] [Fast Refresh] done in 137ms @ http://localhost:4100/_next/static/chunks/0_qv_next_dist_0n-c0m_._.js:2477
[  462380ms] [LOG] [Fast Refresh] rebuilding @ http://localhost:4100/_next/static/chunks/0_qv_next_dist_0n-c0m_._.js:2477
[  462433ms] [LOG] [Fast Refresh] done in 156ms @ http://localhost:4100/_next/static/chunks/0_qv_next_dist_0n-c0m_._.js:2477
[  478372ms] [LOG] [Fast Refresh] rebuilding @ http://localhost:4100/_next/static/chunks/0_qv_next_dist_0n-c0m_._.js:2477
[  478582ms] [LOG] [Fast Refresh] done in 139ms @ http://localhost:4100/_next/static/chunks/0_qv_next_dist_0n-c0m_._.js:2477
[  478729ms] [LOG] [Fast Refresh] rebuilding @ http://localhost:4100/_next/static/chunks/0_qv_next_dist_0n-c0m_._.js:2477
[  478806ms] [LOG] [Fast Refresh] done in 178ms @ http://localhost:4100/_next/static/chunks/0_qv_next_dist_0n-c0m_._.js:2477
[  489803ms] [LOG] [Fast Refresh] rebuilding @ http://localhost:4100/_next/static/chunks/0_qv_next_dist_0n-c0m_._.js:2477
[  489896ms] [LOG] [Fast Refresh] done in 176ms @ http://localhost:4100/_next/static/chunks/0_qv_next_dist_0n-c0m_._.js:2477
[  490010ms] [LOG] [Fast Refresh] rebuilding @ http://localhost:4100/_next/static/chunks/0_qv_next_dist_0n-c0m_._.js:2477
[  490078ms] [LOG] [Fast Refresh] done in 182ms @ http://localhost:4100/_next/static/chunks/0_qv_next_dist_0n-c0m_._.js:2477
[  490186ms] [LOG] [Fast Refresh] rebuilding @ http://localhost:4100/_next/static/chunks/0_qv_next_dist_0n-c0m_._.js:2477
[  490319ms] [LOG] [Fast Refresh] done in 237ms @ http://localhost:4100/_next/static/chunks/0_qv_next_dist_0n-c0m_._.js:2477
