[     120ms] [LOG] [Fast Refresh] rebuilding @ http://localhost:4100/_next/static/chunks/0_qv_next_dist_0n-c0m_._.js:2477
[     365ms] [LOG] [Fast Refresh] done in 348ms @ http://localhost:4100/_next/static/chunks/0_qv_next_dist_0n-c0m_._.js:2477
[     502ms] [INFO] %cDownload the React DevTools for a better development experience: https://react.dev/link/react-devtools font-weight:bold @ http://localhost:4100/_next/static/chunks/0_qv_next_dist_0n-c0m_._.js:2477
[     533ms] [LOG] [HMR] connected @ http://localhost:4100/_next/static/chunks/0_qv_next_dist_0n-c0m_._.js:2477
[     806ms] [WARNING] Image with src "/products/tirzepatide.jpg" was detected as the Largest Contentful Paint (LCP). Please add the `loading="eager"` property if this image is above the fold.
Read more: https://nextjs.org/docs/app/api-reference/components/image#loading @ http://localhost:4100/_next/static/chunks/0_qv_next_dist_0n-c0m_._.js:2477
[   24848ms] [LOG] [Fast Refresh] rebuilding @ http://localhost:4100/_next/static/chunks/0_qv_next_dist_0n-c0m_._.js:2477
[   25119ms] [LOG] [Fast Refresh] done in 375ms @ http://localhost:4100/_next/static/chunks/0_qv_next_dist_0n-c0m_._.js:2477
[   37592ms] [LOG] [Fast Refresh] rebuilding @ http://localhost:4100/_next/static/chunks/0_qv_next_dist_0n-c0m_._.js:2477
[   37862ms] [LOG] [Fast Refresh] done in 373ms @ http://localhost:4100/_next/static/chunks/0_qv_next_dist_0n-c0m_._.js:2477
[  213116ms] [LOG] [Fast Refresh] rebuilding @ http://localhost:4100/_next/static/chunks/0_qv_next_dist_0n-c0m_._.js:2477
[  213118ms] [LOG] [Fast Refresh] done in 107ms @ http://localhost:4100/_next/static/chunks/0_qv_next_dist_0n-c0m_._.js:2477
[  213355ms] [LOG] [Fast Refresh] rebuilding @ http://localhost:4100/_next/static/chunks/0_qv_next_dist_0n-c0m_._.js:2477
[  213595ms] [LOG] [Fast Refresh] done in 131ms @ http://localhost:4100/_next/static/chunks/0_qv_next_dist_0n-c0m_._.js:2477
[  213628ms] ReferenceError: categories is not defined
    at ShopGrid (http://localhost:4100/_next/static/chunks/git-update_lumivex-new_0c8uau6._.js?id=%255Bproject%255D%252Fgit-update%252Flumivex-new%252Fcomponents%252Fshop%252FShopGrid.tsx+%255Bapp-client%255D+%2528ecmascript%2529:166:32)
    at Object.react_stack_bottom_frame (http://localhost:4100/_next/static/chunks/0_qv_next_dist_compiled_react-dom_1kp90v1._.js:15037:24)
    at renderWithHooks (http://localhost:4100/_next/static/chunks/0_qv_next_dist_compiled_react-dom_1kp90v1._.js:4620:24)
    at updateFunctionComponent (http://localhost:4100/_next/static/chunks/0_qv_next_dist_compiled_react-dom_1kp90v1._.js:6081:21)
    at beginWork (http://localhost:4100/_next/static/chunks/0_qv_next_dist_compiled_react-dom_1kp90v1._.js:6691:24)
    at runWithFiberInDEV (http://localhost:4100/_next/static/chunks/0_qv_next_dist_compiled_react-dom_1kp90v1._.js:965:74)
    at performUnitOfWork (http://localhost:4100/_next/static/chunks/0_qv_next_dist_compiled_react-dom_1kp90v1._.js:9555:97)
    at workLoopSync (http://localhost:4100/_next/static/chunks/0_qv_next_dist_compiled_react-dom_1kp90v1._.js:9449:40)
    at renderRootSync (http://localhost:4100/_next/static/chunks/0_qv_next_dist_compiled_react-dom_1kp90v1._.js:9433:13)
    at performWorkOnRoot (http://localhost:4100/_next/static/chunks/0_qv_next_dist_compiled_react-dom_1kp90v1._.js:9061:186)
    at performSyncWorkOnRoot (http://localhost:4100/_next/static/chunks/0_qv_next_dist_compiled_react-dom_1kp90v1._.js:10263:9)
    at flushSyncWorkAcrossRoots_impl (http://localhost:4100/_next/static/chunks/0_qv_next_dist_compiled_react-dom_1kp90v1._.js:10179:316)
    at processRootScheduleInMicrotask (http://localhost:4100/_next/static/chunks/0_qv_next_dist_compiled_react-dom_1kp90v1._.js:10200:106)
    at http://localhost:4100/_next/static/chunks/0_qv_next_dist_compiled_react-dom_1kp90v1._.js:10274:158
[  265043ms] [LOG] [Fast Refresh] rebuilding @ http://localhost:4100/_next/static/chunks/0_qv_next_dist_0n-c0m_._.js:2477
[  265146ms] [WARNING] [Fast Refresh] performing full reload because your application had an unrecoverable error @ http://localhost:4100/_next/static/chunks/0_qv_next_dist_0n-c0m_._.js:2477
[  265301ms] [LOG] [Fast Refresh] done in 202ms @ http://localhost:4100/_next/static/chunks/0_qv_next_dist_0n-c0m_._.js:2477
[  265451ms] [LOG] [Fast Refresh] rebuilding @ http://localhost:4100/_next/static/chunks/0_qv_next_dist_0n-c0m_._.js:2477
[  265679ms] [LOG] [Fast Refresh] done in 332ms @ http://localhost:4100/_next/static/chunks/0_qv_next_dist_0n-c0m_._.js:2477
[  266057ms] [INFO] %cDownload the React DevTools for a better development experience: https://react.dev/link/react-devtools font-weight:bold @ http://localhost:4100/_next/static/chunks/0_qv_next_dist_0n-c0m_._.js:2477
[  266096ms] [LOG] [HMR] connected @ http://localhost:4100/_next/static/chunks/0_qv_next_dist_0n-c0m_._.js:2477
[  266291ms] [WARNING] Image with src "/products/tirzepatide.jpg" was detected as the Largest Contentful Paint (LCP). Please add the `loading="eager"` property if this image is above the fold.
Read more: https://nextjs.org/docs/app/api-reference/components/image#loading @ http://localhost:4100/_next/static/chunks/0_qv_next_dist_0n-c0m_._.js:2477
[  283463ms] [LOG] [Fast Refresh] rebuilding @ http://localhost:4100/_next/static/chunks/0_qv_next_dist_0n-c0m_._.js:2477
[  283656ms] [LOG] [Fast Refresh] done in 131ms @ http://localhost:4100/_next/static/chunks/0_qv_next_dist_0n-c0m_._.js:2477
[  283765ms] [LOG] [Fast Refresh] rebuilding @ http://localhost:4100/_next/static/chunks/0_qv_next_dist_0n-c0m_._.js:2477
[  283838ms] [LOG] [Fast Refresh] done in 180ms @ http://localhost:4100/_next/static/chunks/0_qv_next_dist_0n-c0m_._.js:2477
[  417688ms] [LOG] [Fast Refresh] rebuilding @ http://localhost:4100/_next/static/chunks/0_qv_next_dist_0n-c0m_._.js:2477
[  417694ms] [LOG] [Fast Refresh] done in 40ms @ http://localhost:4100/_next/static/chunks/0_qv_next_dist_0n-c0m_._.js:2477
[  417744ms] [LOG] [Fast Refresh] rebuilding @ http://localhost:4100/_next/static/chunks/0_qv_next_dist_0n-c0m_._.js:2477
[  417975ms] [LOG] [Fast Refresh] done in 235ms @ http://localhost:4100/_next/static/chunks/0_qv_next_dist_0n-c0m_._.js:2477
[  418082ms] [LOG] [Fast Refresh] rebuilding @ http://localhost:4100/_next/static/chunks/0_qv_next_dist_0n-c0m_._.js:2477
[  418159ms] [LOG] [Fast Refresh] done in 184ms @ http://localhost:4100/_next/static/chunks/0_qv_next_dist_0n-c0m_._.js:2477
[  418266ms] [LOG] [Fast Refresh] rebuilding @ http://localhost:4100/_next/static/chunks/0_qv_next_dist_0n-c0m_._.js:2477
[  418313ms] [LOG] [Fast Refresh] done in 154ms @ http://localhost:4100/_next/static/chunks/0_qv_next_dist_0n-c0m_._.js:2477
[  418429ms] [LOG] [Fast Refresh] rebuilding @ http://localhost:4100/_next/static/chunks/0_qv_next_dist_0n-c0m_._.js:2477
[  418438ms] [LOG] [Fast Refresh] done in 122ms @ http://localhost:4100/_next/static/chunks/0_qv_next_dist_0n-c0m_._.js:2477
[  418682ms] [LOG] [Fast Refresh] rebuilding @ http://localhost:4100/_next/static/chunks/0_qv_next_dist_0n-c0m_._.js:2477
[  418801ms] [LOG] [Fast Refresh] done in 221ms @ http://localhost:4100/_next/static/chunks/0_qv_next_dist_0n-c0m_._.js:2477
[  419252ms] [LOG] [Fast Refresh] rebuilding @ http://localhost:4100/_next/static/chunks/0_qv_next_dist_0n-c0m_._.js:2477
[  419280ms] [LOG] [Fast Refresh] done in 130ms @ http://localhost:4100/_next/static/chunks/0_qv_next_dist_0n-c0m_._.js:2477
[  425894ms] [LOG] [Fast Refresh] rebuilding @ http://localhost:4100/_next/static/chunks/0_qv_next_dist_0n-c0m_._.js:2477
[  426126ms] [LOG] [Fast Refresh] done in 116ms @ http://localhost:4100/_next/static/chunks/0_qv_next_dist_0n-c0m_._.js:2477
