[     503ms] [INFO] %cDownload the React DevTools for a better development experience: https://react.dev/link/react-devtools font-weight:bold @ http://localhost:4100/_next/static/chunks/0_qv_next_dist_0n-c0m_._.js:2477
[     645ms] [LOG] [HMR] connected @ http://localhost:4100/_next/static/chunks/0_qv_next_dist_0n-c0m_._.js:2477
[     737ms] [WARNING] Image with src "/images/inhouse-image1-seo.webp" is using quality "86" which is not configured in images.qualities [70, 70, 70, 70, 70, 70, 70, 70, 70, 70, 70, 70, 70, 70, 70, 70, 70, 70, 70, 70, 70, 70, 70, 70, 70, 70, 70, 70, 70, 70, 70, 70, 70, 70, 70, 70, 70, 70, 70, 70, 70, 70, 70, 70, 70, 70, 70, 70, 70, 70, 70, 70, 75, 90]. Please update your config to [70, 70, 70, 70, 70, 70, 70, 70, 70, 70, 70, 70, 70, 70, 70, 70, 70, 70, 70, 70, 70, 70, 70, 70, 70, 70, 70, 70, 70, 70, 70, 70, 70, 70, 70, 70, 70, 70, 70, 70, 70, 70, 70, 70, 70, 70, 70, 70, 70, 70, 70, 70, 75, 86, 90].
Read more: https://nextjs.org/docs/messages/next-image-unconfigured-qualities @ http://localhost:4100/_next/static/chunks/0_qv_next_dist_0n-c0m_._.js:2477
[     738ms] [WARNING] Image with src "/images/inhouse-image2-seo.webp" is using quality "86" which is not configured in images.qualities [70, 70, 70, 70, 70, 70, 70, 70, 70, 70, 70, 70, 70, 70, 70, 70, 70, 70, 70, 70, 70, 70, 70, 70, 70, 70, 70, 70, 70, 70, 70, 70, 70, 70, 70, 70, 70, 70, 70, 70, 70, 70, 70, 70, 70, 70, 70, 70, 70, 70, 70, 70, 75, 90]. Please update your config to [70, 70, 70, 70, 70, 70, 70, 70, 70, 70, 70, 70, 70, 70, 70, 70, 70, 70, 70, 70, 70, 70, 70, 70, 70, 70, 70, 70, 70, 70, 70, 70, 70, 70, 70, 70, 70, 70, 70, 70, 70, 70, 70, 70, 70, 70, 70, 70, 70, 70, 70, 70, 75, 86, 90].
Read more: https://nextjs.org/docs/messages/next-image-unconfigured-qualities @ http://localhost:4100/_next/static/chunks/0_qv_next_dist_0n-c0m_._.js:2477
[     742ms] [WARNING] Image with src "/images/inhouse-img3-seo.webp" is using quality "86" which is not configured in images.qualities [70, 70, 70, 70, 70, 70, 70, 70, 70, 70, 70, 70, 70, 70, 70, 70, 70, 70, 70, 70, 70, 70, 70, 70, 70, 70, 70, 70, 70, 70, 70, 70, 70, 70, 70, 70, 70, 70, 70, 70, 70, 70, 70, 70, 70, 70, 70, 70, 70, 70, 70, 70, 75, 90]. Please update your config to [70, 70, 70, 70, 70, 70, 70, 70, 70, 70, 70, 70, 70, 70, 70, 70, 70, 70, 70, 70, 70, 70, 70, 70, 70, 70, 70, 70, 70, 70, 70, 70, 70, 70, 70, 70, 70, 70, 70, 70, 70, 70, 70, 70, 70, 70, 70, 70, 70, 70, 70, 70, 75, 86, 90].
Read more: https://nextjs.org/docs/messages/next-image-unconfigured-qualities @ http://localhost:4100/_next/static/chunks/0_qv_next_dist_0n-c0m_._.js:2477
[     744ms] [WARNING] Image with src "/images/inhouse-img4-seo.webp" is using quality "86" which is not configured in images.qualities [70, 70, 70, 70, 70, 70, 70, 70, 70, 70, 70, 70, 70, 70, 70, 70, 70, 70, 70, 70, 70, 70, 70, 70, 70, 70, 70, 70, 70, 70, 70, 70, 70, 70, 70, 70, 70, 70, 70, 70, 70, 70, 70, 70, 70, 70, 70, 70, 70, 70, 70, 70, 75, 90]. Please update your config to [70, 70, 70, 70, 70, 70, 70, 70, 70, 70, 70, 70, 70, 70, 70, 70, 70, 70, 70, 70, 70, 70, 70, 70, 70, 70, 70, 70, 70, 70, 70, 70, 70, 70, 70, 70, 70, 70, 70, 70, 70, 70, 70, 70, 70, 70, 70, 70, 70, 70, 70, 70, 75, 86, 90].
Read more: https://nextjs.org/docs/messages/next-image-unconfigured-qualities @ http://localhost:4100/_next/static/chunks/0_qv_next_dist_0n-c0m_._.js:2477
[     757ms] [WARNING] Image with src "/images/about-seo.webp" is using quality "86" which is not configured in images.qualities [70, 70, 70, 70, 70, 70, 70, 70, 70, 70, 70, 70, 70, 70, 70, 70, 70, 70, 70, 70, 70, 70, 70, 70, 70, 70, 70, 70, 70, 70, 70, 70, 70, 70, 70, 70, 70, 70, 70, 70, 70, 70, 70, 70, 70, 70, 70, 70, 70, 70, 70, 70, 75, 90]. Please update your config to [70, 70, 70, 70, 70, 70, 70, 70, 70, 70, 70, 70, 70, 70, 70, 70, 70, 70, 70, 70, 70, 70, 70, 70, 70, 70, 70, 70, 70, 70, 70, 70, 70, 70, 70, 70, 70, 70, 70, 70, 70, 70, 70, 70, 70, 70, 70, 70, 70, 70, 70, 70, 75, 86, 90].
Read more: https://nextjs.org/docs/messages/next-image-unconfigured-qualities @ http://localhost:4100/_next/static/chunks/0_qv_next_dist_0n-c0m_._.js:2477
[     821ms] [WARNING] Image with src "/products/tirzepatide.jpg" is using quality "86" which is not configured in images.qualities [70, 70, 70, 70, 70, 70, 70, 70, 70, 70, 70, 70, 70, 70, 70, 70, 70, 70, 70, 70, 70, 70, 70, 70, 70, 70, 70, 70, 70, 70, 70, 70, 70, 70, 70, 70, 70, 70, 70, 70, 70, 70, 70, 70, 70, 70, 70, 70, 70, 70, 70, 70, 75, 90]. Please update your config to [70, 70, 70, 70, 70, 70, 70, 70, 70, 70, 70, 70, 70, 70, 70, 70, 70, 70, 70, 70, 70, 70, 70, 70, 70, 70, 70, 70, 70, 70, 70, 70, 70, 70, 70, 70, 70, 70, 70, 70, 70, 70, 70, 70, 70, 70, 70, 70, 70, 70, 70, 70, 75, 86, 90].
Read more: https://nextjs.org/docs/messages/next-image-unconfigured-qualities @ http://localhost:4100/_next/static/chunks/0_qv_next_dist_0n-c0m_._.js:2477
[     825ms] [WARNING] Image with src "/products/retatrutide-20.jpg" is using quality "86" which is not configured in images.qualities [70, 70, 70, 70, 70, 70, 70, 70, 70, 70, 70, 70, 70, 70, 70, 70, 70, 70, 70, 70, 70, 70, 70, 70, 70, 70, 70, 70, 70, 70, 70, 70, 70, 70, 70, 70, 70, 70, 70, 70, 70, 70, 70, 70, 70, 70, 70, 70, 70, 70, 70, 70, 75, 90]. Please update your config to [70, 70, 70, 70, 70, 70, 70, 70, 70, 70, 70, 70, 70, 70, 70, 70, 70, 70, 70, 70, 70, 70, 70, 70, 70, 70, 70, 70, 70, 70, 70, 70, 70, 70, 70, 70, 70, 70, 70, 70, 70, 70, 70, 70, 70, 70, 70, 70, 70, 70, 70, 70, 75, 86, 90].
Read more: https://nextjs.org/docs/messages/next-image-unconfigured-qualities @ http://localhost:4100/_next/static/chunks/0_qv_next_dist_0n-c0m_._.js:2477
[     827ms] [WARNING] Image with src "/products/retatrutide-40.jpg" is using quality "86" which is not configured in images.qualities [70, 70, 70, 70, 70, 70, 70, 70, 70, 70, 70, 70, 70, 70, 70, 70, 70, 70, 70, 70, 70, 70, 70, 70, 70, 70, 70, 70, 70, 70, 70, 70, 70, 70, 70, 70, 70, 70, 70, 70, 70, 70, 70, 70, 70, 70, 70, 70, 70, 70, 70, 70, 75, 90]. Please update your config to [70, 70, 70, 70, 70, 70, 70, 70, 70, 70, 70, 70, 70, 70, 70, 70, 70, 70, 70, 70, 70, 70, 70, 70, 70, 70, 70, 70, 70, 70, 70, 70, 70, 70, 70, 70, 70, 70, 70, 70, 70, 70, 70, 70, 70, 70, 70, 70, 70, 70, 70, 70, 75, 86, 90].
Read more: https://nextjs.org/docs/messages/next-image-unconfigured-qualities @ http://localhost:4100/_next/static/chunks/0_qv_next_dist_0n-c0m_._.js:2477
[     831ms] [WARNING] Image with src "/products/glow.jpg" is using quality "86" which is not configured in images.qualities [70, 70, 70, 70, 70, 70, 70, 70, 70, 70, 70, 70, 70, 70, 70, 70, 70, 70, 70, 70, 70, 70, 70, 70, 70, 70, 70, 70, 70, 70, 70, 70, 70, 70, 70, 70, 70, 70, 70, 70, 70, 70, 70, 70, 70, 70, 70, 70, 70, 70, 70, 70, 75, 90]. Please update your config to [70, 70, 70, 70, 70, 70, 70, 70, 70, 70, 70, 70, 70, 70, 70, 70, 70, 70, 70, 70, 70, 70, 70, 70, 70, 70, 70, 70, 70, 70, 70, 70, 70, 70, 70, 70, 70, 70, 70, 70, 70, 70, 70, 70, 70, 70, 70, 70, 70, 70, 70, 70, 75, 86, 90].
Read more: https://nextjs.org/docs/messages/next-image-unconfigured-qualities @ http://localhost:4100/_next/static/chunks/0_qv_next_dist_0n-c0m_._.js:2477
[     834ms] [WARNING] Image with src "/products/bpc.jpg" is using quality "86" which is not configured in images.qualities [70, 70, 70, 70, 70, 70, 70, 70, 70, 70, 70, 70, 70, 70, 70, 70, 70, 70, 70, 70, 70, 70, 70, 70, 70, 70, 70, 70, 70, 70, 70, 70, 70, 70, 70, 70, 70, 70, 70, 70, 70, 70, 70, 70, 70, 70, 70, 70, 70, 70, 70, 70, 75, 90]. Please update your config to [70, 70, 70, 70, 70, 70, 70, 70, 70, 70, 70, 70, 70, 70, 70, 70, 70, 70, 70, 70, 70, 70, 70, 70, 70, 70, 70, 70, 70, 70, 70, 70, 70, 70, 70, 70, 70, 70, 70, 70, 70, 70, 70, 70, 70, 70, 70, 70, 70, 70, 70, 70, 75, 86, 90].
Read more: https://nextjs.org/docs/messages/next-image-unconfigured-qualities @ http://localhost:4100/_next/static/chunks/0_qv_next_dist_0n-c0m_._.js:2477
[     837ms] [WARNING] Image with src "/products/nad.jpg" is using quality "86" which is not configured in images.qualities [70, 70, 70, 70, 70, 70, 70, 70, 70, 70, 70, 70, 70, 70, 70, 70, 70, 70, 70, 70, 70, 70, 70, 70, 70, 70, 70, 70, 70, 70, 70, 70, 70, 70, 70, 70, 70, 70, 70, 70, 70, 70, 70, 70, 70, 70, 70, 70, 70, 70, 70, 70, 75, 90]. Please update your config to [70, 70, 70, 70, 70, 70, 70, 70, 70, 70, 70, 70, 70, 70, 70, 70, 70, 70, 70, 70, 70, 70, 70, 70, 70, 70, 70, 70, 70, 70, 70, 70, 70, 70, 70, 70, 70, 70, 70, 70, 70, 70, 70, 70, 70, 70, 70, 70, 70, 70, 70, 70, 75, 86, 90].
Read more: https://nextjs.org/docs/messages/next-image-unconfigured-qualities @ http://localhost:4100/_next/static/chunks/0_qv_next_dist_0n-c0m_._.js:2477
[   47162ms] [LOG] [Fast Refresh] rebuilding @ http://localhost:4100/_next/static/chunks/0_qv_next_dist_0n-c0m_._.js:2477
[   47414ms] [LOG] [Fast Refresh] done in 357ms @ http://localhost:4100/_next/static/chunks/0_qv_next_dist_0n-c0m_._.js:2477
[  118043ms] [LOG] [Fast Refresh] rebuilding @ http://localhost:4100/_next/static/chunks/0_qv_next_dist_0n-c0m_._.js:2477
[  118282ms] [LOG] [Fast Refresh] done in 344ms @ http://localhost:4100/_next/static/chunks/0_qv_next_dist_0n-c0m_._.js:2477
[  137035ms] [LOG] [Fast Refresh] rebuilding @ http://localhost:4100/_next/static/chunks/0_qv_next_dist_0n-c0m_._.js:2477
[  137291ms] [LOG] [Fast Refresh] done in 360ms @ http://localhost:4100/_next/static/chunks/0_qv_next_dist_0n-c0m_._.js:2477
[  659057ms] [LOG] [Fast Refresh] rebuilding @ http://localhost:4100/_next/static/chunks/0_qv_next_dist_0n-c0m_._.js:2477
[  659080ms] [LOG] [Fast Refresh] done in 130ms @ http://localhost:4100/_next/static/chunks/0_qv_next_dist_0n-c0m_._.js:2477
[  890526ms] [ERROR] WebSocket connection to 'ws://localhost:4100/_next/webpack-hmr?id=Nf-JmVewokLAXDgJ-oCCe' failed: Error in connection establishment: net::ERR_CONNECTION_REFUSED @ http://localhost:4100/_next/static/chunks/0_qv_next_dist_client_0tdc9wn._.js:13422
[  891890ms] [ERROR] Failed to load resource: net::ERR_CONNECTION_REFUSED @ http://localhost:4100/_next/image?url=%2Fimages%2Ftestimonial2.webp&w=64&q=75:0
[  893905ms] [ERROR] WebSocket connection to 'ws://localhost:4100/_next/webpack-hmr?id=Nf-JmVewokLAXDgJ-oCCe' failed: Error in connection establishment: net::ERR_CONNECTION_REFUSED @ http://localhost:4100/_next/static/chunks/0_qv_next_dist_client_0tdc9wn._.js:13422
[  897266ms] [ERROR] WebSocket connection to 'ws://localhost:4100/_next/webpack-hmr?id=Nf-JmVewokLAXDgJ-oCCe' failed: Error in connection establishment: net::ERR_CONNECTION_REFUSED @ http://localhost:4100/_next/static/chunks/0_qv_next_dist_client_0tdc9wn._.js:13422
[  897897ms] [ERROR] Failed to load resource: net::ERR_CONNECTION_REFUSED @ http://localhost:4100/_next/image?url=%2Fimages%2Ftestimonial-3.webp&w=64&q=75:0
[  900635ms] [ERROR] WebSocket connection to 'ws://localhost:4100/_next/webpack-hmr?id=Nf-JmVewokLAXDgJ-oCCe' failed: Error in connection establishment: net::ERR_CONNECTION_REFUSED @ http://localhost:4100/_next/static/chunks/0_qv_next_dist_client_0tdc9wn._.js:13422
[  903890ms] [ERROR] Failed to load resource: net::ERR_CONNECTION_REFUSED @ http://localhost:4100/_next/image?url=%2Fimages%2Ftestimonial1.webp&w=64&q=75:0
[  904015ms] [ERROR] WebSocket connection to 'ws://localhost:4100/_next/webpack-hmr?id=Nf-JmVewokLAXDgJ-oCCe' failed: Error in connection establishment: net::ERR_CONNECTION_REFUSED @ http://localhost:4100/_next/static/chunks/0_qv_next_dist_client_0tdc9wn._.js:13422
[  909885ms] [ERROR] Failed to load resource: net::ERR_CONNECTION_REFUSED @ http://localhost:4100/_next/image?url=%2Fimages%2Ftestimonial2.webp&w=64&q=75:0
[  911400ms] [ERROR] WebSocket connection to 'ws://localhost:4100/_next/webpack-hmr?id=Nf-JmVewokLAXDgJ-oCCe' failed: Error in connection establishment: net::ERR_CONNECTION_REFUSED @ http://localhost:4100/_next/static/chunks/0_qv_next_dist_client_0tdc9wn._.js:13422
